// Jest Snapshot v1, https://goo.gl/fbAQLP

exports[`<AboutPage /> should render the heading 1`] = `
<main
  class=""
>
  <h1>
    AboutPage
  </h1>
</main>
`;
