// Jest Snapshot v1, https://goo.gl/fbAQLP

exports[`<MySkillsPage /> should render the heading 1`] = `
<main
  class=""
>
  <h1>
    MySkillsPage
  </h1>
</main>
`;
