// Jest Snapshot v1, https://goo.gl/fbAQLP

exports[`<Intro /> should render the Intro 1`] = `
.c0 {
  position: absolute;
  left: 50%;
  top: 50%;
  -webkit-transform: translate(-50%,-50%);
  -ms-transform: translate(-50%,-50%);
  transform: translate(-50%,-50%);
  width: 65vw;
  height: 55vh;
  display: -webkit-box;
  display: -webkit-flex;
  display: -ms-flexbox;
  display: flex;
  background: linear-gradient( to right,#FCF6F4 50%,#000 50% ) bottom,linear-gradient( to right,#FCF6F4 50%,#000 50% ) top;
  background-repeat: no-repeat;
  background-size: 100% 2px;
  border-left: 2px solid #FCF6F4;
  border-right: 2px solid #000;
  z-index: 1;
}

.c1 {
  width: 50%;
  position: relative;
  display: -webkit-box;
  display: -webkit-flex;
  display: -ms-flexbox;
  display: flex;
}

.c1 .pic {
  position: absolute;
  bottom: 0;
  left: 50%;
  -webkit-transform: translate(-50%,0%);
  -ms-transform: translate(-50%,0%);
  transform: translate(-50%,0%);
  width: 100%;
  height: auto;
  max-width: 20rem;
}

.c2 {
  font-size: calc(1em + 1.5vw);
  color: #FCF6F4;
  padding: 2rem;
  cursor: pointer;
  display: -webkit-box;
  display: -webkit-flex;
  display: -ms-flexbox;
  display: flex;
  -webkit-flex-direction: column;
  -ms-flex-direction: column;
  flex-direction: column;
  -webkit-box-pack: space-evenly;
  -webkit-justify-content: space-evenly;
  -ms-flex-pack: space-evenly;
  justify-content: space-evenly;
}

.c2 > *:last-child {
  color: rgba(252,246,244,0.6);
  font-size: calc(0.5rem + 1.5vw);
  font-weight: 300;
}

<div
  class="c0"
  style="height: 0px;"
>
  <div
    class="c1"
  >
    <div
      class="c2"
    >
      <h1>
        Hi,
      </h1>
      <h2>
        I'm Antonio Marcos.
      </h2>
      <h6>
        I'm a front-end developer.
      </h6>
    </div>
  </div>
  <div
    class="c1"
  >
    <div
      style="opacity: 0;"
    >
      <img
        alt="Profile Pic"
        class="pic"
        src="/assets/images/profile-img.png"
      />
    </div>
  </div>
</div>
`;
